
Allocating common symbols
Common symbol       size              file

gdts                0x400             src/protect.o
idts                0x800             src/irpts.o
idtptr              0x6               src/irpts.o

Memory Configuration

Name             Origin             Length             Attributes
*default*        0x0000000000000000 0xffffffffffffffff

Linker script and memory map

                0x0000000000000000                KERNEL_OFFSET = 0x0
                0x0000000000100000                KERNEL_PHYADDR = 0x100000
                0x000000000010000c                KERNEL_VIRADDR = ((KERNEL_OFFSET + KERNEL_PHYADDR) + 0xc)
                0x0000000000100000                . = KERNEL_PHYADDR

.mbh.text       0x0000000000100000        0xc
 *(.mbh.text)
 .mbh.text      0x0000000000100000        0xc boot/i386/loader.o
                0x000000000010000c                . = KERNEL_VIRADDR

.text           0x000000000010000c      0xa87
 *(.text)
 .text          0x000000000010000c      0x149 lib/kstdlib.o
                0x000000000010000c                in_byte
                0x0000000000100029                out_byte
                0x0000000000100047                itoa
                0x0000000000100120                memset
 *fill*         0x0000000000100155        0x3 00
 .text          0x0000000000100158      0x1f5 lib/kstdio.o
                0x0000000000100158                printk
                0x000000000010024e                putchar
                0x0000000000100302                cls
 *fill*         0x000000000010034d        0x3 00
 .text          0x0000000000100350       0x28 src/kernel.o
                0x0000000000100350                kernel_main
 .text          0x0000000000100378       0xc9 src/protect.o
                0x0000000000100378                setup_gdt
 *fill*         0x0000000000100441        0x3 00
 .text          0x0000000000100444      0x419 src/irpts.o
                0x00000000001004b5                _do_divide0_error
                0x00000000001004d7                _do_debug
                0x00000000001004f9                _do_nmi
                0x000000000010051b                _do_debug_break
                0x000000000010053d                _do_overflow
                0x000000000010055f                _do_bounds_check
                0x0000000000100581                _do_invalid_op
                0x00000000001005a3                _do_device_fail
                0x00000000001005c5                _do_double_fault
                0x00000000001005e7                _do_cop_segment
                0x0000000000100609                _do_tss_inval
                0x000000000010062b                _do_segment_unpresent
                0x000000000010064d                _do_stack_segment
                0x000000000010066f                _do_general_protection
                0x0000000000100691                _do_page_fault
                0x00000000001006b3                _do_reserved
                0x00000000001006d5                _do_cop_error
                0x0000000000100748                setup_idt
 *fill*         0x000000000010085d        0x3 00
 .text          0x0000000000100860       0xd4 arch/i386/page.o
                0x0000000000100860                setup_paging
 *fill*         0x0000000000100934        0xc 00
 .text          0x0000000000100940       0x48 boot/i386/loader.o
                0x0000000000100940                loader
                0x000000000010095b                gdt_flush
 *fill*         0x0000000000100988        0x8 00
 .text          0x0000000000100990      0x103 arch/i386/irpts.o
                0x0000000000100990                divide0_error
                0x000000000010099f                debug
                0x00000000001009ae                nmi
                0x00000000001009bd                debug_break
                0x00000000001009cc                overflow
                0x00000000001009db                bounds_check
                0x00000000001009ea                invalid_op
                0x00000000001009f9                device_fail
                0x0000000000100a03                double_fault
                0x0000000000100a0d                cop_segment
                0x0000000000100a17                tss_inval
                0x0000000000100a21                segment_unpresent
                0x0000000000100a2b                stack_segment
                0x0000000000100a35                general_protection
                0x0000000000100a3f                page_fault
                0x0000000000100a49                reserved
                0x0000000000100a58                cop_error

.iplt           0x0000000000100a94        0x0
 .iplt          0x0000000000100a94        0x0 lib/kstdio.o

.rodata         0x0000000000101000      0x1c7
 *(.rodata)
 .rodata        0x0000000000101000        0x7 lib/kstdio.o
 .rodata        0x0000000000101007        0xe src/kernel.o
 *fill*         0x0000000000101015        0x1 00
 .rodata        0x0000000000101016        0x6 src/protect.o
                0x0000000000101016                gdt_offset
                0x0000000000101018                kernel_code_selector
                0x000000000010101a                kernel_data_selector
 .rodata        0x000000000010101c      0x198 src/irpts.o
 .rodata        0x00000000001011b4       0x13 arch/i386/page.o

.rel.dyn        0x00000000001011c8        0x0
 .rel.iplt      0x00000000001011c8        0x0 lib/kstdio.o
 .rel.text      0x0000000000000000        0x0 src/kernel.o

.data           0x0000000000102000        0x8
 *(.data)
 .data          0x0000000000102000        0x0 lib/kstdlib.o
 .data          0x0000000000102000        0x0 lib/kstdio.o
 .data          0x0000000000102000        0x0 src/kernel.o
 .data          0x0000000000102000        0x6 src/protect.o
                0x0000000000102000                gdtptr
 *fill*         0x0000000000102006        0x2 00
 .data          0x0000000000102008        0x0 src/irpts.o
 .data          0x0000000000102008        0x0 arch/i386/page.o

.igot.plt       0x0000000000102008        0x0
 .igot.plt      0x0000000000102008        0x0 lib/kstdio.o

.bss            0x0000000000102020     0x4c20
                0x0000000000102020                sbss = .
 *(COMMON)
 COMMON         0x0000000000102020      0x400 src/protect.o
                0x0000000000102020                gdts
 COMMON         0x0000000000102420      0x806 src/irpts.o
                0x0000000000102420                idts
                0x0000000000102c20                idtptr
 *(.bss)
 *fill*         0x0000000000102c26        0x2 00
 .bss           0x0000000000102c28        0x0 lib/kstdlib.o
 .bss           0x0000000000102c28        0xc lib/kstdio.o
 .bss           0x0000000000102c34        0xc src/kernel.o
 .bss           0x0000000000102c40        0x0 src/protect.o
 .bss           0x0000000000102c40        0x0 src/irpts.o
 .bss           0x0000000000102c40        0x0 arch/i386/page.o
 .bss           0x0000000000102c40     0x4000 boot/i386/loader.o
                0x0000000000106c40                ebss = .

.pgdir.data     0x0000000000107000     0x1000
 *(.pgdir.data)
 .pgdir.data    0x0000000000107000     0x1000 arch/i386/page.o
                0x0000000000107000                g_pgdir

.pgtbl.data     0x0000000000108000     0x2000
 *(.pgtbl.data)
 .pgtbl.data    0x0000000000108000     0x2000 arch/i386/page.o
                0x0000000000108000                g_pgtbl
                0x000000000010a000                _end = .
LOAD lib/kstdlib.o
LOAD lib/kstdio.o
LOAD src/kernel.o
LOAD src/protect.o
LOAD src/irpts.o
LOAD arch/i386/page.o
LOAD boot/i386/loader.o
LOAD arch/i386/irpts.o
OUTPUT(kernel.bin elf32-i386)

.comment        0x0000000000000000       0x2c
 .comment       0x0000000000000000       0x2c lib/kstdlib.o
                                         0x2d (size before relaxing)
 .comment       0x0000000000000000       0x2d lib/kstdio.o
 .comment       0x0000000000000000       0x2d src/kernel.o
 .comment       0x0000000000000000       0x2d src/protect.o
 .comment       0x0000000000000000       0x2d src/irpts.o
 .comment       0x0000000000000000       0x2d arch/i386/page.o

.note.GNU-stack
                0x0000000000000000        0x0
 .note.GNU-stack
                0x0000000000000000        0x0 lib/kstdlib.o
 .note.GNU-stack
                0x0000000000000000        0x0 lib/kstdio.o
 .note.GNU-stack
                0x0000000000000000        0x0 src/kernel.o
 .note.GNU-stack
                0x0000000000000000        0x0 src/protect.o
 .note.GNU-stack
                0x0000000000000000        0x0 src/irpts.o
 .note.GNU-stack
                0x0000000000000000        0x0 arch/i386/page.o

Cross Reference Table

Symbol                                            File
_do_bounds_check                                  src/irpts.o
                                                  arch/i386/irpts.o
_do_cop_error                                     src/irpts.o
                                                  arch/i386/irpts.o
_do_cop_segment                                   src/irpts.o
                                                  arch/i386/irpts.o
_do_debug                                         src/irpts.o
                                                  arch/i386/irpts.o
_do_debug_break                                   src/irpts.o
                                                  arch/i386/irpts.o
_do_device_fail                                   src/irpts.o
                                                  arch/i386/irpts.o
_do_divide0_error                                 src/irpts.o
                                                  arch/i386/irpts.o
_do_double_fault                                  src/irpts.o
                                                  arch/i386/irpts.o
_do_general_protection                            src/irpts.o
                                                  arch/i386/irpts.o
_do_invalid_op                                    src/irpts.o
                                                  arch/i386/irpts.o
_do_nmi                                           src/irpts.o
                                                  arch/i386/irpts.o
_do_overflow                                      src/irpts.o
                                                  arch/i386/irpts.o
_do_page_fault                                    src/irpts.o
                                                  arch/i386/irpts.o
_do_reserved                                      src/irpts.o
                                                  arch/i386/irpts.o
_do_segment_unpresent                             src/irpts.o
                                                  arch/i386/irpts.o
_do_stack_segment                                 src/irpts.o
                                                  arch/i386/irpts.o
_do_tss_inval                                     src/irpts.o
                                                  arch/i386/irpts.o
bounds_check                                      arch/i386/irpts.o
cls                                               lib/kstdio.o
                                                  src/kernel.o
cop_error                                         arch/i386/irpts.o
cop_segment                                       arch/i386/irpts.o
debug                                             arch/i386/irpts.o
                                                  src/irpts.o
debug_break                                       arch/i386/irpts.o
                                                  src/irpts.o
device_fail                                       arch/i386/irpts.o
divide0_error                                     arch/i386/irpts.o
                                                  src/irpts.o
double_fault                                      arch/i386/irpts.o
g_pgdir                                           arch/i386/page.o
g_pgtbl                                           arch/i386/page.o
gdt_flush                                         boot/i386/loader.o
                                                  src/protect.o
gdt_offset                                        src/protect.o
gdtptr                                            src/protect.o
                                                  boot/i386/loader.o
gdts                                              src/protect.o
general_protection                                arch/i386/irpts.o
                                                  src/irpts.o
idtptr                                            src/irpts.o
idts                                              src/irpts.o
in_byte                                           lib/kstdlib.o
invalid_op                                        arch/i386/irpts.o
itoa                                              lib/kstdlib.o
                                                  lib/kstdio.o
kernel_code_selector                              src/protect.o
                                                  boot/i386/loader.o
                                                  src/irpts.o
kernel_data_selector                              src/protect.o
                                                  arch/i386/irpts.o
                                                  boot/i386/loader.o
kernel_main                                       src/kernel.o
                                                  boot/i386/loader.o
loader                                            boot/i386/loader.o
memset                                            lib/kstdlib.o
                                                  src/irpts.o
                                                  src/protect.o
nmi                                               arch/i386/irpts.o
                                                  src/irpts.o
out_byte                                          lib/kstdlib.o
overflow                                          arch/i386/irpts.o
page_fault                                        arch/i386/irpts.o
printk                                            lib/kstdio.o
                                                  arch/i386/page.o
                                                  src/irpts.o
                                                  src/kernel.o
putchar                                           lib/kstdio.o
reserved                                          arch/i386/irpts.o
segment_unpresent                                 arch/i386/irpts.o
setup_gdt                                         src/protect.o
                                                  src/kernel.o
setup_idt                                         src/irpts.o
                                                  src/kernel.o
setup_paging                                      arch/i386/page.o
                                                  src/kernel.o
stack_segment                                     arch/i386/irpts.o
tss_inval                                         arch/i386/irpts.o
