
Allocating common symbols
Common symbol       size              file

gdts                0x400             src/protect.o
idts                0x800             src/irpts.o
idtptr              0x6               src/irpts.o

Memory Configuration

Name             Origin             Length             Attributes
*default*        0x0000000000000000 0xffffffffffffffff

Linker script and memory map

                0x00000000c0000000                KERNEL_OFFSET = 0xc0000000
                0x0000000000100000                KERNEL_PHYADDR = 0x100000
                0x00000000c0100004                KERNEL_VIRADDR = 0xc0100004
                0x0000000000100000                . = KERNEL_PHYADDR

.__mbHeader     0x0000000000100000     0x1000
 *(.__mbHeader)
 .__mbHeader    0x0000000000100000        0xc boot/i386/loader.o
                0x0000000000101000                . = ALIGN (0x1000)
 *fill*         0x000000000010000c      0xff4 00
                0x00000000c0100004                . = KERNEL_VIRADDR

.text           0x00000000c0101000      0xa93 load address 0x0000000000101000
 *(.text)
 .text          0x00000000c0101000      0x149 lib/kstdlib.o
                0x00000000c0101000                in_byte
                0x00000000c010101d                out_byte
                0x00000000c010103b                itoa
                0x00000000c0101114                memset
 *fill*         0x00000000c0101149        0x3 00
 .text          0x00000000c010114c      0x1f5 lib/kstdio.o
                0x00000000c010114c                printk
                0x00000000c0101242                putchar
                0x00000000c01012f6                cls
 *fill*         0x00000000c0101341        0x3 00
 .text          0x00000000c0101344       0x23 src/kernel.o
                0x00000000c0101344                kernel_main
 *fill*         0x00000000c0101367        0x1 00
 .text          0x00000000c0101368       0xce src/protect.o
                0x00000000c0101368                setup_gdt
 *fill*         0x00000000c0101436        0x2 00
 .text          0x00000000c0101438      0x419 src/irpts.o
                0x00000000c01014a9                _do_divide0_error
                0x00000000c01014cb                _do_debug
                0x00000000c01014ed                _do_nmi
                0x00000000c010150f                _do_debug_break
                0x00000000c0101531                _do_overflow
                0x00000000c0101553                _do_bounds_check
                0x00000000c0101575                _do_invalid_op
                0x00000000c0101597                _do_device_fail
                0x00000000c01015b9                _do_double_fault
                0x00000000c01015db                _do_cop_segment
                0x00000000c01015fd                _do_tss_inval
                0x00000000c010161f                _do_segment_unpresent
                0x00000000c0101641                _do_stack_segment
                0x00000000c0101663                _do_general_protection
                0x00000000c0101685                _do_page_fault
                0x00000000c01016a7                _do_reserved
                0x00000000c01016c9                _do_cop_error
                0x00000000c010173c                setup_idt
 *fill*         0x00000000c0101851        0x3 00
 .text          0x00000000c0101854       0xdf arch/i386/page.o
                0x00000000c0101854                setup_paging
 *fill*         0x00000000c0101933        0xd 00
 .text          0x00000000c0101940       0x48 boot/i386/loader.o
                0x00000000c0101940                loader
                0x00000000c010195b                gdt_flush
 *fill*         0x00000000c0101988        0x8 00
 .text          0x00000000c0101990      0x103 arch/i386/irpts.o
                0x00000000c0101990                divide0_error
                0x00000000c010199f                debug
                0x00000000c01019ae                nmi
                0x00000000c01019bd                debug_break
                0x00000000c01019cc                overflow
                0x00000000c01019db                bounds_check
                0x00000000c01019ea                invalid_op
                0x00000000c01019f9                device_fail
                0x00000000c0101a03                double_fault
                0x00000000c0101a0d                cop_segment
                0x00000000c0101a17                tss_inval
                0x00000000c0101a21                segment_unpresent
                0x00000000c0101a2b                stack_segment
                0x00000000c0101a35                general_protection
                0x00000000c0101a3f                page_fault
                0x00000000c0101a49                reserved
                0x00000000c0101a58                cop_error

.iplt           0x00000000c0101a94        0x0 load address 0x0000000000101a94
 .iplt          0x00000000c0101a94        0x0 lib/kstdio.o

.rodata         0x00000000c0102000      0x1c7 load address 0x0000000000102000
 *(.rodata)
 .rodata        0x00000000c0102000        0x7 lib/kstdio.o
 .rodata        0x00000000c0102007        0xe src/kernel.o
 *fill*         0x00000000c0102015        0x1 00
 .rodata        0x00000000c0102016        0x6 src/protect.o
                0x00000000c0102016                gdt_offset
                0x00000000c0102018                kernel_code_selector
                0x00000000c010201a                kernel_data_selector
 .rodata        0x00000000c010201c      0x198 src/irpts.o
 .rodata        0x00000000c01021b4       0x13 arch/i386/page.o

.rel.dyn        0x00000000c01021c8        0x0 load address 0x00000000001021c8
 .rel.iplt      0x00000000c01021c8        0x0 lib/kstdio.o
 .rel.text      0x0000000000000000        0x0 src/kernel.o

.data           0x00000000c0103000        0x8 load address 0x0000000000103000
 *(.data)
 .data          0x00000000c0103000        0x0 lib/kstdlib.o
 .data          0x00000000c0103000        0x0 lib/kstdio.o
 .data          0x00000000c0103000        0x0 src/kernel.o
 .data          0x00000000c0103000        0x6 src/protect.o
                0x00000000c0103000                gdtptr
 *fill*         0x00000000c0103006        0x2 00
 .data          0x00000000c0103008        0x0 src/irpts.o
 .data          0x00000000c0103008        0x0 arch/i386/page.o

.igot.plt       0x00000000c0103008        0x0 load address 0x0000000000103008
 .igot.plt      0x00000000c0103008        0x0 lib/kstdio.o

.bss            0x00000000c0103020     0x4c20 load address 0x0000000000103020
                0x00000000c0103020                sbss = .
 *(COMMON)
 COMMON         0x00000000c0103020      0x400 src/protect.o
                0x00000000c0103020                gdts
 COMMON         0x00000000c0103420      0x806 src/irpts.o
                0x00000000c0103420                idts
                0x00000000c0103c20                idtptr
 *(.bss)
 *fill*         0x00000000c0103c26        0x2 00
 .bss           0x00000000c0103c28        0x0 lib/kstdlib.o
 .bss           0x00000000c0103c28        0xc lib/kstdio.o
 .bss           0x00000000c0103c34        0xc src/kernel.o
 .bss           0x00000000c0103c40        0x0 src/protect.o
 .bss           0x00000000c0103c40        0x0 src/irpts.o
 .bss           0x00000000c0103c40        0x0 arch/i386/page.o
 .bss           0x00000000c0103c40     0x4000 boot/i386/loader.o
                0x00000000c0107c40                ebss = .

.pgdir.data     0x00000000c0108000     0x1000 load address 0x0000000000108000
 *(.pgdir.data)
 .pgdir.data    0x00000000c0108000     0x1000 arch/i386/page.o
                0x00000000c0108000                g_pgdir

.pgtbl.data     0x00000000c0109000     0x2000 load address 0x0000000000109000
 *(.pgtbl.data)
 .pgtbl.data    0x00000000c0109000     0x2000 arch/i386/page.o
                0x00000000c0109000                g_pgtbl
                0x00000000c010b000                _end = .
LOAD lib/kstdlib.o
LOAD lib/kstdio.o
LOAD src/kernel.o
LOAD src/protect.o
LOAD src/irpts.o
LOAD arch/i386/page.o
LOAD boot/i386/loader.o
LOAD arch/i386/irpts.o
OUTPUT(kernel.bin elf32-i386)

.debug_abbrev   0x0000000000000000      0x4f5
 .debug_abbrev  0x0000000000000000       0xc7 lib/kstdlib.o
 .debug_abbrev  0x00000000000000c7       0xd8 lib/kstdio.o
 .debug_abbrev  0x000000000000019f       0x98 src/kernel.o
 .debug_abbrev  0x0000000000000237       0xbb src/protect.o
 .debug_abbrev  0x00000000000002f2      0x11d src/irpts.o
 .debug_abbrev  0x000000000000040f       0xe6 arch/i386/page.o

.debug_info     0x0000000000000000      0xe1c
 .debug_info    0x0000000000000000      0x201 lib/kstdlib.o
 .debug_info    0x0000000000000201      0x186 lib/kstdio.o
 .debug_info    0x0000000000000387      0x11a src/kernel.o
 .debug_info    0x00000000000004a1      0x19c src/protect.o
 .debug_info    0x000000000000063d      0x675 src/irpts.o
 .debug_info    0x0000000000000cb2      0x16a arch/i386/page.o

.debug_line     0x0000000000000000      0x334
 .debug_line    0x0000000000000000       0x7e lib/kstdlib.o
 .debug_line    0x000000000000007e       0x93 lib/kstdio.o
 .debug_line    0x0000000000000111       0x5a src/kernel.o
 .debug_line    0x000000000000016b       0x71 src/protect.o
 .debug_line    0x00000000000001dc       0xd9 src/irpts.o
 .debug_line    0x00000000000002b5       0x7f arch/i386/page.o

.debug_pubnames
                0x0000000000000000      0x2c3
 .debug_pubnames
                0x0000000000000000       0x3f lib/kstdlib.o
 .debug_pubnames
                0x000000000000003f       0x31 lib/kstdio.o
 .debug_pubnames
                0x0000000000000070       0x22 src/kernel.o
 .debug_pubnames
                0x0000000000000092       0x75 src/protect.o
 .debug_pubnames
                0x0000000000000107      0x181 src/irpts.o
 .debug_pubnames
                0x0000000000000288       0x3b arch/i386/page.o

.debug_pubtypes
                0x0000000000000000      0x156
 .debug_pubtypes
                0x0000000000000000       0x36 lib/kstdlib.o
 .debug_pubtypes
                0x0000000000000036       0x12 lib/kstdio.o
 .debug_pubtypes
                0x0000000000000048       0x12 src/kernel.o
 .debug_pubtypes
                0x000000000000005a       0x52 src/protect.o
 .debug_pubtypes
                0x00000000000000ac       0x60 src/irpts.o
 .debug_pubtypes
                0x000000000000010c       0x4a arch/i386/page.o

.debug_aranges  0x0000000000000000       0xc0
 .debug_aranges
                0x0000000000000000       0x20 lib/kstdlib.o
 .debug_aranges
                0x0000000000000020       0x20 lib/kstdio.o
 .debug_aranges
                0x0000000000000040       0x20 src/kernel.o
 .debug_aranges
                0x0000000000000060       0x20 src/protect.o
 .debug_aranges
                0x0000000000000080       0x20 src/irpts.o
 .debug_aranges
                0x00000000000000a0       0x20 arch/i386/page.o

.debug_str      0x0000000000000000      0x3e7
 .debug_str     0x0000000000000000       0xf7 lib/kstdlib.o
                                        0x11b (size before relaxing)
 .debug_str     0x00000000000000f7       0x42 lib/kstdio.o
                                         0xec (size before relaxing)
 .debug_str     0x0000000000000139       0x45 src/kernel.o
                                        0x126 (size before relaxing)
 .debug_str     0x000000000000017e       0xa6 src/protect.o
                                        0x177 (size before relaxing)
 .debug_str     0x0000000000000224      0x17d src/irpts.o
                                        0x2b4 (size before relaxing)
 .debug_str     0x00000000000003a1       0x46 arch/i386/page.o
                                        0x113 (size before relaxing)

.comment        0x0000000000000000       0x2c
 .comment       0x0000000000000000       0x2c lib/kstdlib.o
                                         0x2d (size before relaxing)
 .comment       0x0000000000000000       0x2d lib/kstdio.o
 .comment       0x0000000000000000       0x2d src/kernel.o
 .comment       0x0000000000000000       0x2d src/protect.o
 .comment       0x0000000000000000       0x2d src/irpts.o
 .comment       0x0000000000000000       0x2d arch/i386/page.o

.note.GNU-stack
                0x0000000000000000        0x0
 .note.GNU-stack
                0x0000000000000000        0x0 lib/kstdlib.o
 .note.GNU-stack
                0x0000000000000000        0x0 lib/kstdio.o
 .note.GNU-stack
                0x0000000000000000        0x0 src/kernel.o
 .note.GNU-stack
                0x0000000000000000        0x0 src/protect.o
 .note.GNU-stack
                0x0000000000000000        0x0 src/irpts.o
 .note.GNU-stack
                0x0000000000000000        0x0 arch/i386/page.o

.debug_frame    0x0000000000000000      0x438
 .debug_frame   0x0000000000000000       0x94 lib/kstdlib.o
 .debug_frame   0x0000000000000094       0x74 lib/kstdio.o
 .debug_frame   0x0000000000000108       0x34 src/kernel.o
 .debug_frame   0x000000000000013c       0x34 src/protect.o
 .debug_frame   0x0000000000000170      0x294 src/irpts.o
 .debug_frame   0x0000000000000404       0x34 arch/i386/page.o

Cross Reference Table

Symbol                                            File
_do_bounds_check                                  src/irpts.o
                                                  arch/i386/irpts.o
_do_cop_error                                     src/irpts.o
                                                  arch/i386/irpts.o
_do_cop_segment                                   src/irpts.o
                                                  arch/i386/irpts.o
_do_debug                                         src/irpts.o
                                                  arch/i386/irpts.o
_do_debug_break                                   src/irpts.o
                                                  arch/i386/irpts.o
_do_device_fail                                   src/irpts.o
                                                  arch/i386/irpts.o
_do_divide0_error                                 src/irpts.o
                                                  arch/i386/irpts.o
_do_double_fault                                  src/irpts.o
                                                  arch/i386/irpts.o
_do_general_protection                            src/irpts.o
                                                  arch/i386/irpts.o
_do_invalid_op                                    src/irpts.o
                                                  arch/i386/irpts.o
_do_nmi                                           src/irpts.o
                                                  arch/i386/irpts.o
_do_overflow                                      src/irpts.o
                                                  arch/i386/irpts.o
_do_page_fault                                    src/irpts.o
                                                  arch/i386/irpts.o
_do_reserved                                      src/irpts.o
                                                  arch/i386/irpts.o
_do_segment_unpresent                             src/irpts.o
                                                  arch/i386/irpts.o
_do_stack_segment                                 src/irpts.o
                                                  arch/i386/irpts.o
_do_tss_inval                                     src/irpts.o
                                                  arch/i386/irpts.o
bounds_check                                      arch/i386/irpts.o
cls                                               lib/kstdio.o
cop_error                                         arch/i386/irpts.o
cop_segment                                       arch/i386/irpts.o
debug                                             arch/i386/irpts.o
                                                  src/irpts.o
debug_break                                       arch/i386/irpts.o
                                                  src/irpts.o
device_fail                                       arch/i386/irpts.o
divide0_error                                     arch/i386/irpts.o
                                                  src/irpts.o
double_fault                                      arch/i386/irpts.o
g_pgdir                                           arch/i386/page.o
g_pgtbl                                           arch/i386/page.o
gdt_flush                                         boot/i386/loader.o
                                                  src/protect.o
gdt_offset                                        src/protect.o
gdtptr                                            src/protect.o
                                                  boot/i386/loader.o
gdts                                              src/protect.o
general_protection                                arch/i386/irpts.o
                                                  src/irpts.o
idtptr                                            src/irpts.o
idts                                              src/irpts.o
in_byte                                           lib/kstdlib.o
invalid_op                                        arch/i386/irpts.o
itoa                                              lib/kstdlib.o
                                                  lib/kstdio.o
kernel_code_selector                              src/protect.o
                                                  boot/i386/loader.o
                                                  src/irpts.o
kernel_data_selector                              src/protect.o
                                                  arch/i386/irpts.o
                                                  boot/i386/loader.o
kernel_main                                       src/kernel.o
                                                  boot/i386/loader.o
loader                                            boot/i386/loader.o
memset                                            lib/kstdlib.o
                                                  src/irpts.o
                                                  src/protect.o
nmi                                               arch/i386/irpts.o
                                                  src/irpts.o
out_byte                                          lib/kstdlib.o
overflow                                          arch/i386/irpts.o
page_fault                                        arch/i386/irpts.o
printk                                            lib/kstdio.o
                                                  arch/i386/page.o
                                                  src/irpts.o
                                                  src/kernel.o
putchar                                           lib/kstdio.o
reserved                                          arch/i386/irpts.o
segment_unpresent                                 arch/i386/irpts.o
setup_gdt                                         src/protect.o
                                                  src/kernel.o
setup_idt                                         src/irpts.o
                                                  src/kernel.o
setup_paging                                      arch/i386/page.o
                                                  src/kernel.o
stack_segment                                     arch/i386/irpts.o
tss_inval                                         arch/i386/irpts.o
