
Allocating common symbols
Common symbol       size              file

gdts                0x400             src/protect.o
idts                0x800             src/irpts.o
idtptr              0x6               src/irpts.o

Memory Configuration

Name             Origin             Length             Attributes
*default*        0x0000000000000000 0xffffffffffffffff

Linker script and memory map

                0x00000000c0000000                KERNEL_OFFSET = 0xc0000000
                0x0000000000100000                KERNEL_PHYADDR = 0x100000
                0x00000000c0100000                KERNEL_VIRADDR = (KERNEL_OFFSET + KERNEL_PHYADDR)
                0x0000000000100000                . = KERNEL_PHYADDR

.mbh.text       0x0000000000100000       0x2a
 *(.mbh.text)
 .mbh.text      0x0000000000100000       0x2a boot/i386/loader.o
                0x00000000c010002a                . = (. + KERNEL_OFFSET)

.text           0x00000000c010002c      0xa27 load address 0x000000000010002c
 *(.text)
 .text          0x00000000c010002c      0x149 lib/kstdlib.o
                0x00000000c010002c                in_byte
                0x00000000c0100049                out_byte
                0x00000000c0100067                itoa
                0x00000000c0100140                memset
 *fill*         0x00000000c0100175        0x3 00
 .text          0x00000000c0100178      0x1f5 lib/kstdio.o
                0x00000000c0100178                printk
                0x00000000c010026e                putchar
                0x00000000c0100322                cls
 *fill*         0x00000000c010036d        0x3 00
 .text          0x00000000c0100370       0x23 src/kernel.o
                0x00000000c0100370                kernel_main
 *fill*         0x00000000c0100393        0x1 00
 .text          0x00000000c0100394       0xb7 src/protect.o
                0x00000000c0100394                setup_gdt
 *fill*         0x00000000c010044b        0x1 00
 .text          0x00000000c010044c      0x419 src/irpts.o
                0x00000000c01004bd                _do_divide0_error
                0x00000000c01004df                _do_debug
                0x00000000c0100501                _do_nmi
                0x00000000c0100523                _do_debug_break
                0x00000000c0100545                _do_overflow
                0x00000000c0100567                _do_bounds_check
                0x00000000c0100589                _do_invalid_op
                0x00000000c01005ab                _do_device_fail
                0x00000000c01005cd                _do_double_fault
                0x00000000c01005ef                _do_cop_segment
                0x00000000c0100611                _do_tss_inval
                0x00000000c0100633                _do_segment_unpresent
                0x00000000c0100655                _do_stack_segment
                0x00000000c0100677                _do_general_protection
                0x00000000c0100699                _do_page_fault
                0x00000000c01006bb                _do_reserved
                0x00000000c01006dd                _do_cop_error
                0x00000000c0100750                setup_idt
 *fill*         0x00000000c0100865        0x3 00
 .text          0x00000000c0100868       0x75 arch/i386/page.o
                0x00000000c0100868                setup_paging
 *fill*         0x00000000c01008dd        0x3 00
 .text          0x00000000c01008e0       0x64 boot/i386/loader.o
                0x00000000c01008e0                loader
                0x00000000c0100917                gdt_flush
 *fill*         0x00000000c0100944        0xc 00
 .text          0x00000000c0100950      0x103 arch/i386/irpts.o
                0x00000000c0100950                divide0_error
                0x00000000c010095f                debug
                0x00000000c010096e                nmi
                0x00000000c010097d                debug_break
                0x00000000c010098c                overflow
                0x00000000c010099b                bounds_check
                0x00000000c01009aa                invalid_op
                0x00000000c01009b9                device_fail
                0x00000000c01009c3                double_fault
                0x00000000c01009cd                cop_segment
                0x00000000c01009d7                tss_inval
                0x00000000c01009e1                segment_unpresent
                0x00000000c01009eb                stack_segment
                0x00000000c01009f5                general_protection
                0x00000000c01009ff                page_fault
                0x00000000c0100a09                reserved
                0x00000000c0100a18                cop_error

.iplt           0x00000000c0100a54        0x0 load address 0x0000000000100a54
 .iplt          0x00000000c0100a54        0x0 lib/kstdio.o

.rodata         0x00000000c0101000      0x1b4 load address 0x0000000000101000
 *(.rodata)
 .rodata        0x00000000c0101000        0x7 lib/kstdio.o
 .rodata        0x00000000c0101007        0xe src/kernel.o
 *fill*         0x00000000c0101015        0x1 00
 .rodata        0x00000000c0101016        0x6 src/protect.o
                0x00000000c0101016                gdt_offset
                0x00000000c0101018                kernel_code_selector
                0x00000000c010101a                kernel_data_selector
 .rodata        0x00000000c010101c      0x198 src/irpts.o

.rel.dyn        0x00000000c01011b4        0x0 load address 0x00000000001011b4
 .rel.iplt      0x00000000c01011b4        0x0 lib/kstdio.o
 .rel.text      0x0000000000000000        0x0 src/kernel.o

.data           0x00000000c0102000        0x8 load address 0x0000000000102000
 *(.data)
 .data          0x00000000c0102000        0x0 lib/kstdlib.o
 .data          0x00000000c0102000        0x0 lib/kstdio.o
 .data          0x00000000c0102000        0x0 src/kernel.o
 .data          0x00000000c0102000        0x6 src/protect.o
                0x00000000c0102000                gdtptr
 *fill*         0x00000000c0102006        0x2 00
 .data          0x00000000c0102008        0x0 src/irpts.o
 .data          0x00000000c0102008        0x0 arch/i386/page.o

.igot.plt       0x00000000c0102008        0x0 load address 0x0000000000102008
 .igot.plt      0x00000000c0102008        0x0 lib/kstdio.o

.bss            0x00000000c0102020     0x4c20 load address 0x0000000000102020
                0x00000000c0102020                sbss = .
 *(COMMON)
 COMMON         0x00000000c0102020      0x400 src/protect.o
                0x00000000c0102020                gdts
 COMMON         0x00000000c0102420      0x806 src/irpts.o
                0x00000000c0102420                idts
                0x00000000c0102c20                idtptr
 *(.bss)
 *fill*         0x00000000c0102c26        0x2 00
 .bss           0x00000000c0102c28        0x0 lib/kstdlib.o
 .bss           0x00000000c0102c28        0xc lib/kstdio.o
 .bss           0x00000000c0102c34        0xc src/kernel.o
 .bss           0x00000000c0102c40        0x0 src/protect.o
 .bss           0x00000000c0102c40        0x0 src/irpts.o
 .bss           0x00000000c0102c40        0x0 arch/i386/page.o
 .bss           0x00000000c0102c40     0x4000 boot/i386/loader.o
                0x00000000c0106c40                ebss = .

.pgdir.data     0x00000000c0107000     0x1000 load address 0x0000000000107000
 *(.pgdir.data)
 .pgdir.data    0x00000000c0107000     0x1000 arch/i386/page.o
                0x00000000c0107000                g_pgdir

.pgtbl.data     0x00000000c0108000     0x1000 load address 0x0000000000108000
 *(.pgtbl.data)
 .pgtbl.data    0x00000000c0108000     0x1000 arch/i386/page.o
                0x00000000c0108000                g_pg0
                0x00000000c0109000                _end = .
LOAD lib/kstdlib.o
LOAD lib/kstdio.o
LOAD src/kernel.o
LOAD src/protect.o
LOAD src/irpts.o
LOAD arch/i386/page.o
LOAD boot/i386/loader.o
LOAD arch/i386/irpts.o
OUTPUT(kernel.bin elf32-i386)

.comment        0x0000000000000000       0x2c
 .comment       0x0000000000000000       0x2c lib/kstdlib.o
                                         0x2d (size before relaxing)
 .comment       0x0000000000000000       0x2d lib/kstdio.o
 .comment       0x0000000000000000       0x2d src/kernel.o
 .comment       0x0000000000000000       0x2d src/protect.o
 .comment       0x0000000000000000       0x2d src/irpts.o
 .comment       0x0000000000000000       0x2d arch/i386/page.o

.note.GNU-stack
                0x0000000000000000        0x0
 .note.GNU-stack
                0x0000000000000000        0x0 lib/kstdlib.o
 .note.GNU-stack
                0x0000000000000000        0x0 lib/kstdio.o
 .note.GNU-stack
                0x0000000000000000        0x0 src/kernel.o
 .note.GNU-stack
                0x0000000000000000        0x0 src/protect.o
 .note.GNU-stack
                0x0000000000000000        0x0 src/irpts.o
 .note.GNU-stack
                0x0000000000000000        0x0 arch/i386/page.o

Cross Reference Table

Symbol                                            File
_do_bounds_check                                  src/irpts.o
                                                  arch/i386/irpts.o
_do_cop_error                                     src/irpts.o
                                                  arch/i386/irpts.o
_do_cop_segment                                   src/irpts.o
                                                  arch/i386/irpts.o
_do_debug                                         src/irpts.o
                                                  arch/i386/irpts.o
_do_debug_break                                   src/irpts.o
                                                  arch/i386/irpts.o
_do_device_fail                                   src/irpts.o
                                                  arch/i386/irpts.o
_do_divide0_error                                 src/irpts.o
                                                  arch/i386/irpts.o
_do_double_fault                                  src/irpts.o
                                                  arch/i386/irpts.o
_do_general_protection                            src/irpts.o
                                                  arch/i386/irpts.o
_do_invalid_op                                    src/irpts.o
                                                  arch/i386/irpts.o
_do_nmi                                           src/irpts.o
                                                  arch/i386/irpts.o
_do_overflow                                      src/irpts.o
                                                  arch/i386/irpts.o
_do_page_fault                                    src/irpts.o
                                                  arch/i386/irpts.o
_do_reserved                                      src/irpts.o
                                                  arch/i386/irpts.o
_do_segment_unpresent                             src/irpts.o
                                                  arch/i386/irpts.o
_do_stack_segment                                 src/irpts.o
                                                  arch/i386/irpts.o
_do_tss_inval                                     src/irpts.o
                                                  arch/i386/irpts.o
bounds_check                                      arch/i386/irpts.o
cls                                               lib/kstdio.o
                                                  src/kernel.o
cop_error                                         arch/i386/irpts.o
cop_segment                                       arch/i386/irpts.o
debug                                             arch/i386/irpts.o
                                                  src/irpts.o
debug_break                                       arch/i386/irpts.o
                                                  src/irpts.o
device_fail                                       arch/i386/irpts.o
divide0_error                                     arch/i386/irpts.o
                                                  src/irpts.o
double_fault                                      arch/i386/irpts.o
g_pg0                                             arch/i386/page.o
g_pgdir                                           arch/i386/page.o
gdt_flush                                         boot/i386/loader.o
                                                  src/protect.o
gdt_offset                                        src/protect.o
gdtptr                                            src/protect.o
                                                  boot/i386/loader.o
gdts                                              src/protect.o
general_protection                                arch/i386/irpts.o
                                                  src/irpts.o
idtptr                                            src/irpts.o
idts                                              src/irpts.o
in_byte                                           lib/kstdlib.o
invalid_op                                        arch/i386/irpts.o
itoa                                              lib/kstdlib.o
                                                  lib/kstdio.o
kernel_code_selector                              src/protect.o
                                                  boot/i386/loader.o
                                                  src/irpts.o
kernel_data_selector                              src/protect.o
                                                  arch/i386/irpts.o
                                                  boot/i386/loader.o
kernel_main                                       src/kernel.o
                                                  boot/i386/loader.o
loader                                            boot/i386/loader.o
memset                                            lib/kstdlib.o
                                                  src/irpts.o
                                                  src/protect.o
nmi                                               arch/i386/irpts.o
                                                  src/irpts.o
out_byte                                          lib/kstdlib.o
overflow                                          arch/i386/irpts.o
page_fault                                        arch/i386/irpts.o
printk                                            lib/kstdio.o
                                                  src/irpts.o
                                                  src/kernel.o
putchar                                           lib/kstdio.o
reserved                                          arch/i386/irpts.o
segment_unpresent                                 arch/i386/irpts.o
setup_gdt                                         src/protect.o
                                                  src/kernel.o
setup_idt                                         src/irpts.o
setup_paging                                      arch/i386/page.o
                                                  src/kernel.o
stack_segment                                     arch/i386/irpts.o
tss_inval                                         arch/i386/irpts.o
